src/screens/BookingSummaryScreen.tsx(11,18): error TS7016: Could not find a declaration file for module 'react-native-vector-icons/MaterialCommunityIcons'. 'C:/assignment/routeLK react native/node_modules/react-native-vector-icons/MaterialCommunityIcons.js' implicitly has an 'any' type.
  Try `npm i --save-dev @types/react-native-vector-icons` if it exists or add a new declaration (.d.ts) file containing `declare module 'react-native-vector-icons/MaterialCommunityIcons';`
src/screens/BookingSummaryScreen.tsx(81,75): error TS2304: Cannot find name 'alert'.
src/screens/BusListScreen.tsx(11,18): error TS7016: Could not find a declaration file for module 'react-native-vector-icons/MaterialCommunityIcons'. 'C:/assignment/routeLK react native/node_modules/react-native-vector-icons/MaterialCommunityIcons.js' implicitly has an 'any' type.
  Try `npm i --save-dev @types/react-native-vector-icons` if it exists or add a new declaration (.d.ts) file containing `declare module 'react-native-vector-icons/MaterialCommunityIcons';`
src/screens/SearchScreen.tsx(12,18): error TS7016: Could not find a declaration file for module 'react-native-vector-icons/MaterialCommunityIcons'. 'C:/assignment/routeLK react native/node_modules/react-native-vector-icons/MaterialCommunityIcons.js' implicitly has an 'any' type.
  Try `npm i --save-dev @types/react-native-vector-icons` if it exists or add a new declaration (.d.ts) file containing `declare module 'react-native-vector-icons/MaterialCommunityIcons';`
src/screens/SeatSelectionScreen.tsx(11,18): error TS7016: Could not find a declaration file for module 'react-native-vector-icons/MaterialCommunityIcons'. 'C:/assignment/routeLK react native/node_modules/react-native-vector-icons/MaterialCommunityIcons.js' implicitly has an 'any' type.
  Try `npm i --save-dev @types/react-native-vector-icons` if it exists or add a new declaration (.d.ts) file containing `declare module 'react-native-vector-icons/MaterialCommunityIcons';`
